::1 - - [23/Dec/2025:23:54:17 +1000] "GET /aptana/lib/prototype.js HTTP/1.0" 200 126132
::1 - - [23/Dec/2025:23:54:17 +1000] "GET /aptana/lib/base_server.js HTTP/1.0" 200 1616
desktop-lpv0ncp - - [23/Dec/2025:23:54:13 +1000] "GET /aptana/ HTTP/1.1" 200 4660
desktop-lpv0ncp - - [23/Dec/2025:23:54:19 +1000] "POST /aptana/jaxer_about.html HTTP/1.1" 200 2226
desktop-lpv0ncp - - [23/Dec/2025:23:54:19 +1000] "POST /jaxer-callback HTTP/1.1" 200 1098
desktop-lpv0ncp - - [23/Dec/2025:23:55:04 +1000] "POST /aptana/jaxer_about.html HTTP/1.1" 200 2226
desktop-lpv0ncp - - [23/Dec/2025:23:55:04 +1000] "POST /jaxer-callback HTTP/1.1" 200 1098
::1 - - [23/Dec/2025:23:55:13 +1000] "GET /authentiation HTTP/1.1" 404 236
::1 - - [23/Dec/2025:23:55:19 +1000] "GET /authentication HTTP/1.1" 301 285
desktop-lpv0ncp - - [23/Dec/2025:23:55:19 +1000] "GET /authentication/ HTTP/1.1" 200 79697
::1 - - [23/Dec/2025:23:55:19 +1000] "GET /authentication/css/custom.css HTTP/1.1" 200 302
::1 - - [23/Dec/2025:23:55:19 +1000] "GET /authentication/img/bookshop_2.jpg HTTP/1.1" 200 22783
::1 - - [23/Dec/2025:23:55:19 +1000] "GET /authentication/img/bookshop_3.jpg HTTP/1.1" 200 16151
::1 - - [23/Dec/2025:23:55:19 +1000] "GET /authentication/css/bootstrap.min.css HTTP/1.1" 200 144877
::1 - - [23/Dec/2025:23:55:19 +1000] "GET /authentication/img/whatsnew_1.jpg HTTP/1.1" 200 2674
::1 - - [23/Dec/2025:23:55:19 +1000] "GET /authentication/img/whatsnew_2.jpg HTTP/1.1" 200 4844
::1 - - [23/Dec/2025:23:55:19 +1000] "GET /authentication/img/whatsnew_3.jpg HTTP/1.1" 200 3846
::1 - - [23/Dec/2025:23:55:19 +1000] "GET /authentication/img/whatsnew_4.jpg HTTP/1.1" 200 2314
::1 - - [23/Dec/2025:23:55:19 +1000] "GET /authentication/img/whatsnew_5.jpg HTTP/1.1" 200 213178
::1 - - [23/Dec/2025:23:55:19 +1000] "GET /authentication/img/whatsnew_6.jpg HTTP/1.1" 200 1528
::1 - - [23/Dec/2025:23:55:19 +1000] "GET /authentication/img/whatsnew_7.jpg HTTP/1.1" 200 3525
::1 - - [23/Dec/2025:23:55:19 +1000] "GET /authentication/img/whatsnew_8.jpg HTTP/1.1" 200 164504
::1 - - [23/Dec/2025:23:55:20 +1000] "GET /authentication/img/toprated_1.jpg HTTP/1.1" 200 4356
::1 - - [23/Dec/2025:23:55:19 +1000] "GET /authentication/img/bookshop_1.jpg HTTP/1.1" 200 15846
::1 - - [23/Dec/2025:23:55:20 +1000] "GET /authentication/img/toprated_2.jpg HTTP/1.1" 200 7314
::1 - - [23/Dec/2025:23:55:19 +1000] "GET /authentication/js/bootstrap.min.js HTTP/1.1" 200 48944
desktop-lpv0ncp - - [23/Dec/2025:23:55:19 +1000] "GET /authentication/js/jquery-3.3.1.min.js HTTP/1.1" 200 86927
::1 - - [23/Dec/2025:23:55:20 +1000] "GET /authentication/img/toprated_4.jpg HTTP/1.1" 200 3252
::1 - - [23/Dec/2025:23:55:20 +1000] "GET /authentication/img/toprated_3.jpg HTTP/1.1" 200 5011
::1 - - [23/Dec/2025:23:55:20 +1000] "GET /authentication/img/toprated_5.jpg HTTP/1.1" 200 2758
::1 - - [23/Dec/2025:23:55:20 +1000] "GET /authentication/img/toprated_6.jpg HTTP/1.1" 200 4190
::1 - - [23/Dec/2025:23:55:20 +1000] "GET /authentication/img/defaultProfilePicture.jpg HTTP/1.1" 200 1525
desktop-lpv0ncp - - [23/Dec/2025:23:55:20 +1000] "POST /jaxer-callback HTTP/1.1" 200 2
::1 - - [23/Dec/2025:23:58:53 +1000] "GET /count HTTP/1.1" 301 276
::1 - - [23/Dec/2025:23:58:53 +1000] "GET /count/ HTTP/1.1" 200 303
desktop-lpv0ncp - - [23/Dec/2025:23:59:01 +1000] "GET /count/increment.html HTTP/1.1" 200 114
::1 - - [23/Dec/2025:23:59:21 +1000] "-" 408 -
::1 - - [23/Dec/2025:23:59:24 +1000] "GET /countexample HTTP/1.1" 301 283
desktop-lpv0ncp - - [23/Dec/2025:23:59:24 +1000] "GET /countexample/ HTTP/1.1" 200 4806
::1 - - [23/Dec/2025:23:59:24 +1000] "GET /countexample/css/bootstrap.min.css HTTP/1.1" 200 144877
desktop-lpv0ncp - - [23/Dec/2025:23:59:24 +1000] "GET /countexample/js/bootstrap.min.js HTTP/1.1" 200 48944
desktop-lpv0ncp - - [23/Dec/2025:23:59:28 +1000] "POST /jaxer-callback HTTP/1.1" 200 19
desktop-lpv0ncp - - [23/Dec/2025:23:59:29 +1000] "POST /jaxer-callback HTTP/1.1" 200 19
desktop-lpv0ncp - - [23/Dec/2025:23:59:29 +1000] "POST /jaxer-callback HTTP/1.1" 200 19
desktop-lpv0ncp - - [23/Dec/2025:23:59:30 +1000] "POST /jaxer-callback HTTP/1.1" 200 19
desktop-lpv0ncp - - [23/Dec/2025:23:59:31 +1000] "POST /jaxer-callback HTTP/1.1" 200 19
desktop-lpv0ncp - - [23/Dec/2025:23:59:31 +1000] "POST /jaxer-callback HTTP/1.1" 200 19
desktop-lpv0ncp - - [23/Dec/2025:23:59:32 +1000] "POST /jaxer-callback HTTP/1.1" 200 19
desktop-lpv0ncp - - [23/Dec/2025:23:59:32 +1000] "POST /jaxer-callback HTTP/1.1" 200 19
desktop-lpv0ncp - - [23/Dec/2025:23:59:33 +1000] "POST /jaxer-callback HTTP/1.1" 200 19
desktop-lpv0ncp - - [23/Dec/2025:23:59:34 +1000] "POST /jaxer-callback HTTP/1.1" 200 19
desktop-lpv0ncp - - [23/Dec/2025:23:59:34 +1000] "POST /jaxer-callback HTTP/1.1" 200 19
desktop-lpv0ncp - - [23/Dec/2025:23:59:34 +1000] "POST /jaxer-callback HTTP/1.1" 200 19
desktop-lpv0ncp - - [23/Dec/2025:23:59:34 +1000] "POST /jaxer-callback HTTP/1.1" 200 19
desktop-lpv0ncp - - [23/Dec/2025:23:59:35 +1000] "POST /jaxer-callback HTTP/1.1" 200 19
desktop-lpv0ncp - - [23/Dec/2025:23:59:40 +1000] "POST /jaxer-callback HTTP/1.1" 200 19
desktop-lpv0ncp - - [23/Dec/2025:23:59:41 +1000] "POST /jaxer-callback HTTP/1.1" 200 19
desktop-lpv0ncp - - [23/Dec/2025:23:59:41 +1000] "POST /jaxer-callback HTTP/1.1" 200 19
desktop-lpv0ncp - - [23/Dec/2025:23:59:45 +1000] "POST /jaxer-callback HTTP/1.1" 200 19
desktop-lpv0ncp - - [23/Dec/2025:23:59:45 +1000] "POST /jaxer-callback HTTP/1.1" 200 19
desktop-lpv0ncp - - [23/Dec/2025:23:59:46 +1000] "POST /jaxer-callback HTTP/1.1" 200 19
desktop-lpv0ncp - - [23/Dec/2025:23:59:46 +1000] "POST /jaxer-callback HTTP/1.1" 200 19
desktop-lpv0ncp - - [23/Dec/2025:23:59:49 +1000] "GET /countexample/js/bootstrap.min.js.map HTTP/1.1" 200 161998
::1 - - [23/Dec/2025:23:59:49 +1000] "GET /countexample/css/bootstrap.min.css.map HTTP/1.1" 200 551641
::1 - - [24/Dec/2025:00:00:22 +1000] "GET /countryform HTTP/1.1" 301 282
desktop-lpv0ncp - - [24/Dec/2025:00:00:22 +1000] "GET /countryform/ HTTP/1.1" 200 731
desktop-lpv0ncp - - [24/Dec/2025:00:00:22 +1000] "GET /countryform/js/header.js HTTP/1.1" 200 742
::1 - - [24/Dec/2025:00:00:22 +1000] "GET /countryform/css/bootstrap.min.css HTTP/1.1" 200 144877
::1 - - [24/Dec/2025:00:00:22 +1000] "GET /countryform/js/bootstrap.min.js HTTP/1.1" 200 48944
::1 - - [24/Dec/2025:00:00:22 +1000] "GET /countryform/js/bootstrap.min.js.map HTTP/1.1" 200 161998
::1 - - [24/Dec/2025:00:00:22 +1000] "GET /countryform/img/1.png HTTP/1.1" 200 14423
::1 - - [24/Dec/2025:00:00:22 +1000] "GET /countryform/css/bootstrap.min.css.map HTTP/1.1" 200 551641
desktop-lpv0ncp - - [24/Dec/2025:00:00:25 +1000] "GET /countryform/adduserform.html HTTP/1.1" 200 6363
desktop-lpv0ncp - - [24/Dec/2025:00:00:26 +1000] "GET /countryform/js/userform.js HTTP/1.1" 200 1666
desktop-lpv0ncp - - [24/Dec/2025:00:00:27 +1000] "GET /countryform/viewusers.html HTTP/1.1" 200 14953
desktop-lpv0ncp - - [24/Dec/2025:00:00:28 +1000] "GET /countryform/js/tablerow.js HTTP/1.1" 404 236
::1 - - [24/Dec/2025:00:00:28 +1000] "GET /countryform/js/jquery-3.3.1.min.js HTTP/1.1" 200 86927
desktop-lpv0ncp - - [24/Dec/2025:00:00:33 +1000] "GET /countryform/adduserform.html HTTP/1.1" 200 6363
::1 - - [24/Dec/2025:00:00:53 +1000] "GET /countryform/crudform HTTP/1.1" 404 236
::1 - - [24/Dec/2025:00:01:00 +1000] "GET /crudform HTTP/1.1" 301 279
desktop-lpv0ncp - - [24/Dec/2025:00:01:00 +1000] "GET /crudform/ HTTP/1.1" 200 731
desktop-lpv0ncp - - [24/Dec/2025:00:01:00 +1000] "GET /crudform/js/header.js HTTP/1.1" 200 749
::1 - - [24/Dec/2025:00:01:00 +1000] "GET /crudform/css/bootstrap.min.css HTTP/1.1" 200 144877
::1 - - [24/Dec/2025:00:01:00 +1000] "GET /crudform/js/bootstrap.min.js HTTP/1.1" 200 48944
::1 - - [24/Dec/2025:00:01:00 +1000] "GET /crudform/js/bootstrap.min.js.map HTTP/1.1" 200 161998
::1 - - [24/Dec/2025:00:01:00 +1000] "GET /crudform/css/bootstrap.min.css.map HTTP/1.1" 200 551641
::1 - - [24/Dec/2025:00:01:00 +1000] "GET /crudform/img/1.png HTTP/1.1" 200 14423
desktop-lpv0ncp - - [24/Dec/2025:00:01:02 +1000] "GET /crudform/adduserform.html HTTP/1.1" 200 6357
desktop-lpv0ncp - - [24/Dec/2025:00:01:02 +1000] "GET /crudform/js/userform.js HTTP/1.1" 200 1670
desktop-lpv0ncp - - [24/Dec/2025:00:01:04 +1000] "GET /crudform/viewusersnew.html HTTP/1.1" 200 11080
desktop-lpv0ncp - - [24/Dec/2025:00:01:04 +1000] "GET /crudform/js/tablerow.js HTTP/1.1" 200 389
::1 - - [24/Dec/2025:00:01:04 +1000] "GET /crudform/js/jquery-3.3.1.min.js HTTP/1.1" 200 86927
desktop-lpv0ncp - - [24/Dec/2025:00:01:07 +1000] "GET /crudform/adduserform.html HTTP/1.1" 200 6357
desktop-lpv0ncp - - [24/Dec/2025:00:01:09 +1000] "GET /crudform/viewusersnew.html HTTP/1.1" 200 11080
::1 - - [24/Dec/2025:00:01:28 +1000] "GET /employeeform HTTP/1.1" 301 283
::1 - - [24/Dec/2025:00:01:28 +1000] "GET /employeeform/ HTTP/1.1" 200 323
::1 - - [24/Dec/2025:00:01:48 +1000] "-" 408 -
::1 - - [24/Dec/2025:00:02:05 +1000] "GET /foo HTTP/1.1" 301 274
desktop-lpv0ncp - - [24/Dec/2025:00:02:05 +1000] "GET /foo/ HTTP/1.1" 200 1968
::1 - - [24/Dec/2025:00:02:25 +1000] "-" 408 -
desktop-lpv0ncp - - [24/Dec/2025:00:41:44 +1000] "GET /kyohtmx/ HTTP/1.1" 200 13896
::1 - - [24/Dec/2025:00:41:45 +1000] "GET /kyohtmx/img/no_fighter.png HTTP/1.1" 304 -
desktop-lpv0ncp - - [24/Dec/2025:00:41:45 +1000] "GET /kyohtmx/css/fighter.css HTTP/1.1" 304 -
::1 - - [24/Dec/2025:00:41:45 +1000] "GET /kyohtmx/img/arrow-right.svg HTTP/1.1" 304 -
::1 - - [24/Dec/2025:00:41:45 +1000] "GET /kyohtmx/img/arrow-down.svg HTTP/1.1" 304 -
::1 - - [24/Dec/2025:00:41:45 +1000] "GET /kyohtmx/img/arrow-left.svg HTTP/1.1" 304 -
desktop-lpv0ncp - - [24/Dec/2025:00:41:45 +1000] "GET /kyohtmx/img/arrow-down-right.svg HTTP/1.1" 304 -
desktop-lpv0ncp - - [24/Dec/2025:00:41:48 +1000] "POST /jaxer-callback HTTP/1.1" 200 503
desktop-lpv0ncp - - [24/Dec/2025:00:41:49 +1000] "POST /jaxer-callback HTTP/1.1" 200 87
::1 - - [24/Dec/2025:00:41:49 +1000] "GET /kyohtmx/img/ryu.jpg HTTP/1.1" 304 -
desktop-lpv0ncp - - [24/Dec/2025:00:41:49 +1000] "POST /jaxer-callback HTTP/1.1" 200 1076
desktop-lpv0ncp - - [24/Dec/2025:00:41:50 +1000] "POST /jaxer-callback HTTP/1.1" 200 478
desktop-lpv0ncp - - [24/Dec/2025:00:41:50 +1000] "POST /jaxer-callback HTTP/1.1" 200 403
desktop-lpv0ncp - - [24/Dec/2025:00:41:50 +1000] "POST /jaxer-callback HTTP/1.1" 200 1076
desktop-lpv0ncp - - [24/Dec/2025:00:41:52 +1000] "POST /jaxer-callback HTTP/1.1" 200 413
desktop-lpv0ncp - - [24/Dec/2025:00:41:52 +1000] "POST /jaxer-callback HTTP/1.1" 200 1076
desktop-lpv0ncp - - [24/Dec/2025:00:41:54 +1000] "POST /jaxer-callback HTTP/1.1" 200 503
desktop-lpv0ncp - - [24/Dec/2025:00:41:54 +1000] "POST /jaxer-callback HTTP/1.1" 200 97
::1 - - [24/Dec/2025:00:41:55 +1000] "GET /kyohtmx/img/chunli.jpg HTTP/1.1" 304 -
desktop-lpv0ncp - - [24/Dec/2025:00:41:55 +1000] "POST /jaxer-callback HTTP/1.1" 200 1076
desktop-lpv0ncp - - [24/Dec/2025:00:41:55 +1000] "POST /jaxer-callback HTTP/1.1" 200 455
desktop-lpv0ncp - - [24/Dec/2025:00:41:56 +1000] "POST /jaxer-callback HTTP/1.1" 200 393
desktop-lpv0ncp - - [24/Dec/2025:00:41:56 +1000] "POST /jaxer-callback HTTP/1.1" 200 1076
desktop-lpv0ncp - - [24/Dec/2025:00:41:59 +1000] "POST /jaxer-callback HTTP/1.1" 200 393
desktop-lpv0ncp - - [24/Dec/2025:00:41:59 +1000] "POST /jaxer-callback HTTP/1.1" 200 1076
desktop-lpv0ncp - - [24/Dec/2025:00:42:01 +1000] "POST /jaxer-callback HTTP/1.1" 200 393
desktop-lpv0ncp - - [24/Dec/2025:00:42:01 +1000] "POST /jaxer-callback HTTP/1.1" 200 1076
desktop-lpv0ncp - - [24/Dec/2025:00:42:02 +1000] "POST /jaxer-callback HTTP/1.1" 200 503
desktop-lpv0ncp - - [24/Dec/2025:00:42:03 +1000] "POST /jaxer-callback HTTP/1.1" 200 91
::1 - - [24/Dec/2025:00:42:03 +1000] "GET /kyohtmx/img/sagat.jpg HTTP/1.1" 304 -
desktop-lpv0ncp - - [24/Dec/2025:00:42:03 +1000] "POST /jaxer-callback HTTP/1.1" 200 1076
desktop-lpv0ncp - - [24/Dec/2025:00:42:03 +1000] "POST /jaxer-callback HTTP/1.1" 200 503
desktop-lpv0ncp - - [24/Dec/2025:00:42:04 +1000] "POST /jaxer-callback HTTP/1.1" 200 413
desktop-lpv0ncp - - [24/Dec/2025:00:42:05 +1000] "POST /jaxer-callback HTTP/1.1" 200 1076
desktop-lpv0ncp - - [24/Dec/2025:00:42:06 +1000] "POST /jaxer-callback HTTP/1.1" 200 413
desktop-lpv0ncp - - [24/Dec/2025:00:42:07 +1000] "POST /jaxer-callback HTTP/1.1" 200 1076
desktop-lpv0ncp - - [24/Dec/2025:00:42:15 +1000] "POST /jaxer-callback HTTP/1.1" 200 503
desktop-lpv0ncp - - [24/Dec/2025:00:42:19 +1000] "POST /jaxer-callback HTTP/1.1" 200 503
desktop-lpv0ncp - - [24/Dec/2025:00:42:19 +1000] "GET /kyohtmx2/ HTTP/1.1" 200 16001
::1 - - [24/Dec/2025:00:42:19 +1000] "GET /kyohtmx2/css/fighter.css HTTP/1.1" 200 609
::1 - - [24/Dec/2025:00:42:19 +1000] "GET /kyohtmx2/img/arrow-right.svg HTTP/1.1" 200 596
desktop-lpv0ncp - - [24/Dec/2025:00:42:19 +1000] "GET /kyohtmx2/css/bootstrap.min.css HTTP/1.1" 200 144877
::1 - - [24/Dec/2025:00:42:19 +1000] "GET /kyohtmx2/img/no_fighter.png HTTP/1.1" 200 8823
desktop-lpv0ncp - - [24/Dec/2025:00:42:20 +1000] "GET /kyohtmx2/img/arrow-down.svg HTTP/1.1" 200 863
desktop-lpv0ncp - - [24/Dec/2025:00:42:19 +1000] "GET /kyohtmx2/js/bootstrap.min.js HTTP/1.1" 200 48944
desktop-lpv0ncp - - [24/Dec/2025:00:42:20 +1000] "GET /kyohtmx2/img/arrow-down-right.svg HTTP/1.1" 200 1036
desktop-lpv0ncp - - [24/Dec/2025:00:42:20 +1000] "GET /kyohtmx2/img/arrow-left.svg HTTP/1.1" 200 891
desktop-lpv0ncp - - [24/Dec/2025:00:42:20 +1000] "GET /kyohtmx2/js/bootstrap.min.js.map HTTP/1.1" 200 161998
desktop-lpv0ncp - - [24/Dec/2025:00:42:20 +1000] "GET /kyohtmx2/css/bootstrap.min.css.map HTTP/1.1" 200 551641
desktop-lpv0ncp - - [24/Dec/2025:00:42:20 +1000] "GET /kyohtmx2/partials/products/list.html HTTP/1.1" 200 50
desktop-lpv0ncp - - [24/Dec/2025:00:42:23 +1000] "POST /api/increment.html HTTP/1.1" 404 236
desktop-lpv0ncp - - [24/Dec/2025:00:42:24 +1000] "POST /api/decrement HTTP/1.1" 404 236
desktop-lpv0ncp - - [24/Dec/2025:00:42:25 +1000] "POST /api/decrement HTTP/1.1" 404 236
desktop-lpv0ncp - - [24/Dec/2025:00:42:26 +1000] "POST /api/increment.html HTTP/1.1" 404 236
desktop-lpv0ncp - - [24/Dec/2025:00:42:31 +1000] "POST /api/increment.html HTTP/1.1" 404 236
desktop-lpv0ncp - - [24/Dec/2025:00:42:32 +1000] "POST /api/increment.html HTTP/1.1" 404 236
desktop-lpv0ncp - - [24/Dec/2025:00:42:32 +1000] "POST /api/decrement HTTP/1.1" 404 236
desktop-lpv0ncp - - [24/Dec/2025:00:42:33 +1000] "POST /api/decrement HTTP/1.1" 404 236
desktop-lpv0ncp - - [24/Dec/2025:00:42:33 +1000] "POST /api/decrement HTTP/1.1" 404 236
desktop-lpv0ncp - - [24/Dec/2025:00:42:41 +1000] "POST /jaxer-callback HTTP/1.1" 200 503
desktop-lpv0ncp - - [24/Dec/2025:00:42:42 +1000] "POST /jaxer-callback HTTP/1.1" 200 87
::1 - - [24/Dec/2025:00:42:42 +1000] "GET /kyohtmx2/img/ryu.jpg HTTP/1.1" 200 19194
desktop-lpv0ncp - - [24/Dec/2025:00:42:42 +1000] "POST /jaxer-callback HTTP/1.1" 200 1076
desktop-lpv0ncp - - [24/Dec/2025:00:42:43 +1000] "POST /jaxer-callback HTTP/1.1" 200 478
desktop-lpv0ncp - - [24/Dec/2025:00:42:44 +1000] "POST /jaxer-callback HTTP/1.1" 200 1090
desktop-lpv0ncp - - [24/Dec/2025:00:42:46 +1000] "POST /jaxer-callback HTTP/1.1" 200 1093
desktop-lpv0ncp - - [24/Dec/2025:00:51:56 +1000] "POST /jaxer-callback HTTP/1.1" 200 478
::1 - - [24/Dec/2025:00:52:03 +1000] "GET /rss-example HTTP/1.1" 404 236
desktop-lpv0ncp - - [24/Dec/2025:00:52:03 +1000] "POST /jaxer-callback HTTP/1.1" 200 478
::1 - - [24/Dec/2025:00:52:13 +1000] "GET /rss-sample HTTP/1.1" 301 281
::1 - - [24/Dec/2025:00:52:13 +1000] "GET /rss-sample/lib/ajaxslt-0.8.1/util.js HTTP/1.0" 200 12139
::1 - - [24/Dec/2025:00:52:13 +1000] "GET /rss-sample/lib/ajaxslt-0.8.1/xmltoken.js HTTP/1.0" 200 7809
::1 - - [24/Dec/2025:00:52:13 +1000] "GET /rss-sample/lib/ajaxslt-0.8.1/dom.js HTTP/1.0" 200 15265
::1 - - [24/Dec/2025:00:52:13 +1000] "GET /rss-sample/lib/ajaxslt-0.8.1/xpath.js HTTP/1.0" 200 64581
::1 - - [24/Dec/2025:00:52:13 +1000] "GET /rss-sample/lib/ajaxslt-0.8.1/xslt.js HTTP/1.0" 200 18440
desktop-lpv0ncp - - [24/Dec/2025:00:52:13 +1000] "GET /rss-sample/ HTTP/1.1" 200 2323
desktop-lpv0ncp - - [24/Dec/2025:00:52:16 +1000] "GET /rss-sample/css/index.css HTTP/1.1" 200 653
::1 - - [24/Dec/2025:00:52:16 +1000] "GET /rss-sample/lib/wz_tooltip.js HTTP/1.1" 200 32232
::1 - - [24/Dec/2025:00:52:46 +1000] "GET /snapcat HTTP/1.1" 301 278
desktop-lpv0ncp - - [24/Dec/2025:00:52:46 +1000] "GET /snapcat/ HTTP/1.1" 200 10074
desktop-lpv0ncp - - [24/Dec/2025:00:52:46 +1000] "GET /snapcat/img/defaultProfilePicture.jpg HTTP/1.1" 200 1525
::1 - - [24/Dec/2025:00:52:46 +1000] "GET /snapcat/css/bootstrap.min.css HTTP/1.1" 200 144877
::1 - - [24/Dec/2025:00:52:46 +1000] "GET /snapcat/css/custom1.css HTTP/1.1" 200 304
::1 - - [24/Dec/2025:00:52:46 +1000] "GET /snapcat/js/bootstrap.min.js HTTP/1.1" 200 48944
::1 - - [24/Dec/2025:00:52:46 +1000] "GET /snapcat/css/bootstrap.min.css.map HTTP/1.1" 200 551641
desktop-lpv0ncp - - [24/Dec/2025:00:52:46 +1000] "GET /snapcat/js/jquery-3.3.1.min.js HTTP/1.1" 200 86927
::1 - - [24/Dec/2025:00:52:47 +1000] "GET /snapcat/js/bootstrap.min.js.map HTTP/1.1" 200 161998
::1 - - [24/Dec/2025:00:53:57 +1000] "GET /testtextpad HTTP/1.1" 301 282
::1 - - [24/Dec/2025:00:53:57 +1000] "GET /testtextpad/ HTTP/1.1" 200 311
desktop-lpv0ncp - - [24/Dec/2025:00:54:00 +1000] "GET /testtextpad/textpad.html HTTP/1.1" 200 2527
desktop-lpv0ncp - - [24/Dec/2025:00:54:06 +1000] "POST /jaxer-callback HTTP/1.1" 200 2
desktop-lpv0ncp - - [24/Dec/2025:00:54:10 +1000] "GET /testtextpad/textpad.html HTTP/1.1" 200 2531
::1 - - [24/Dec/2025:00:54:30 +1000] "-" 408 -
::1 - - [24/Dec/2025:00:54:35 +1000] "GET /usercrudform HTTP/1.1" 301 283
desktop-lpv0ncp - - [24/Dec/2025:00:54:35 +1000] "GET /usercrudform/ HTTP/1.1" 200 15646
::1 - - [24/Dec/2025:00:54:35 +1000] "GET /usercrudform/css/bootstrap.min.css HTTP/1.1" 200 144877
::1 - - [24/Dec/2025:00:54:35 +1000] "GET /usercrudform/img/1.png HTTP/1.1" 200 14423
desktop-lpv0ncp - - [24/Dec/2025:00:54:35 +1000] "GET /usercrudform/js/bootstrap.min.js HTTP/1.1" 200 48944
desktop-lpv0ncp - - [24/Dec/2025:00:54:35 +1000] "GET /usercrudform/js/bootstrap.min.js.map HTTP/1.1" 200 161998
::1 - - [24/Dec/2025:00:54:35 +1000] "GET /usercrudform/css/bootstrap.min.css.map HTTP/1.1" 200 551641
desktop-lpv0ncp - - [24/Dec/2025:00:54:37 +1000] "POST /jaxer-callback HTTP/1.1" 200 1456
desktop-lpv0ncp - - [24/Dec/2025:00:55:45 +1000] "GET /userSPAcrudform/ HTTP/1.1" 200 15501
::1 - - [24/Dec/2025:00:55:46 +1000] "GET /userSPAcrudform/css/bootstrap.min.css HTTP/1.1" 200 144877
::1 - - [24/Dec/2025:00:55:46 +1000] "GET /userSPAcrudform/img/1.png HTTP/1.1" 200 14423
desktop-lpv0ncp - - [24/Dec/2025:00:55:46 +1000] "GET /userSPAcrudform/js/bootstrap.min.js HTTP/1.1" 200 48944
desktop-lpv0ncp - - [24/Dec/2025:00:55:46 +1000] "GET /userSPAcrudform/js/bootstrap.min.js.map HTTP/1.1" 200 161998
::1 - - [24/Dec/2025:00:55:46 +1000] "GET /userSPAcrudform/css/bootstrap.min.css.map HTTP/1.1" 200 551641
desktop-lpv0ncp - - [24/Dec/2025:00:56:46 +1000] "POST /jaxer-callback HTTP/1.1" 200 1456
desktop-lpv0ncp - - [24/Dec/2025:00:56:49 +1000] "POST /jaxer-callback HTTP/1.1" 200 1456
::1 - - [24/Dec/2025:00:57:04 +1000] "-" 408 -
desktop-lpv0ncp - - [24/Dec/2025:00:57:19 +1000] "POST /jaxer-callback HTTP/1.1" 200 48
desktop-lpv0ncp - - [24/Dec/2025:00:57:21 +1000] "POST /jaxer-callback HTTP/1.1" 200 2007
desktop-lpv0ncp - - [24/Dec/2025:00:57:27 +1000] "POST /jaxer-callback HTTP/1.1" 200 196
desktop-lpv0ncp - - [24/Dec/2025:01:04:05 +1000] "GET /aptana/diagnostics/index.html HTTP/1.1" 200 8278
desktop-lpv0ncp - - [24/Dec/2025:01:04:05 +1000] "GET /aptana/diagnostics/jaxer-include/setup.js HTTP/1.1" 403 239
desktop-lpv0ncp - - [24/Dec/2025:01:04:10 +1000] "POST /aptana/apps_and_tools.html HTTP/1.1" 200 3278
desktop-lpv0ncp - - [24/Dec/2025:01:04:17 +1000] "POST /aptana/modal_window.html HTTP/1.1" 200 634
::1 - - [24/Dec/2025:01:04:17 +1000] "GET /aptana/images_global/shadown_top-edge.png HTTP/1.1" 200 126
::1 - - [24/Dec/2025:01:04:17 +1000] "GET /aptana/images_global/shadown_top-left-corner.png HTTP/1.1" 200 165
::1 - - [24/Dec/2025:01:04:17 +1000] "GET /aptana/images_global/shadown_top-right-corner.png HTTP/1.1" 200 168
::1 - - [24/Dec/2025:01:04:17 +1000] "GET /aptana/images_global/shadown_bottom-right-corner.png HTTP/1.1" 200 197
::1 - - [24/Dec/2025:01:04:17 +1000] "GET /aptana/images_global/shadown_right-edge.png HTTP/1.1" 200 141
::1 - - [24/Dec/2025:01:04:18 +1000] "GET /aptana/images_global/shadown_left-edge.png HTTP/1.1" 200 144
::1 - - [24/Dec/2025:01:04:18 +1000] "GET /aptana/images_global/shadown_bottom-edge.png HTTP/1.1" 200 128
::1 - - [24/Dec/2025:01:04:18 +1000] "GET /aptana/images_global/shadown_bottom-left-corner.png HTTP/1.1" 200 190
desktop-lpv0ncp - - [24/Dec/2025:01:04:17 +1000] "GET /aptana/samples/chat/index.html HTTP/1.1" 200 11764
::1 - - [24/Dec/2025:01:04:18 +1000] "GET /aptana/samples/chat/images/user_comment.png HTTP/1.1" 200 868
::1 - - [24/Dec/2025:01:04:18 +1000] "GET /aptana/samples/chat/images/information.png HTTP/1.1" 200 778
::1 - - [24/Dec/2025:01:04:18 +1000] "GET /aptana/samples/chat/css/commonStyles.css HTTP/1.1" 200 857
desktop-lpv0ncp - - [24/Dec/2025:01:04:18 +1000] "GET /aptana/samples/chat/css/index.css HTTP/1.1" 200 449
desktop-lpv0ncp - - [24/Dec/2025:01:04:18 +1000] "GET /aptana/samples/chat/images/html.png HTTP/1.1" 200 578
::1 - - [24/Dec/2025:01:04:18 +1000] "GET /aptana/samples/chat/lib/wz_tooltip.js HTTP/1.1" 200 33381
desktop-lpv0ncp - - [24/Dec/2025:01:04:21 +1000] "POST /jaxer-callback HTTP/1.1" 200 20
::1 - - [24/Dec/2025:01:05:31 +1000] "GET /aptana/lib/prototype.js HTTP/1.0" 200 126132
::1 - - [24/Dec/2025:01:05:31 +1000] "GET /aptana/lib/base_server.js HTTP/1.0" 200 1616
desktop-lpv0ncp - - [24/Dec/2025:01:05:31 +1000] "GET /aptana/ HTTP/1.1" 200 4660
desktop-lpv0ncp - - [24/Dec/2025:01:05:31 +1000] "POST /aptana/jaxer_about.html HTTP/1.1" 200 2226
desktop-lpv0ncp - - [24/Dec/2025:01:05:31 +1000] "POST /jaxer-callback HTTP/1.1" 200 1098
desktop-lpv0ncp - - [24/Dec/2025:01:05:35 +1000] "POST /aptana/apps_and_tools.html HTTP/1.1" 200 3278
desktop-lpv0ncp - - [24/Dec/2025:01:05:38 +1000] "POST /aptana/modal_window.html HTTP/1.1" 200 634
desktop-lpv0ncp - - [24/Dec/2025:01:05:38 +1000] "GET /aptana/samples/chat/index.html HTTP/1.1" 200 11698
::1 - - [24/Dec/2025:01:07:13 +1000] "GET /aptana/lib/prototype.js HTTP/1.0" 200 126132
::1 - - [24/Dec/2025:01:07:14 +1000] "GET /aptana/lib/base_server.js HTTP/1.0" 200 1616
desktop-lpv0ncp - - [24/Dec/2025:01:07:13 +1000] "GET /aptana/ HTTP/1.1" 200 4660
desktop-lpv0ncp - - [24/Dec/2025:01:07:14 +1000] "POST /aptana/jaxer_about.html HTTP/1.1" 200 2226
desktop-lpv0ncp - - [24/Dec/2025:01:07:14 +1000] "POST /jaxer-callback HTTP/1.1" 200 1098
desktop-lpv0ncp - - [24/Dec/2025:01:07:18 +1000] "POST /aptana/apps_and_tools.html HTTP/1.1" 200 3278
desktop-lpv0ncp - - [24/Dec/2025:01:07:19 +1000] "POST /aptana/modal_window.html HTTP/1.1" 200 634
desktop-lpv0ncp - - [24/Dec/2025:01:07:19 +1000] "GET /aptana/samples/chat/index.html HTTP/1.1" 200 10995
::1 - - [24/Dec/2025:01:10:10 +1000] "GET /aptana/lib/prototype.js HTTP/1.0" 200 126132
::1 - - [24/Dec/2025:01:10:11 +1000] "GET /aptana/lib/base_server.js HTTP/1.0" 200 1616
desktop-lpv0ncp - - [24/Dec/2025:01:10:10 +1000] "GET /aptana/ HTTP/1.1" 200 4660
desktop-lpv0ncp - - [24/Dec/2025:01:10:11 +1000] "POST /aptana/jaxer_about.html HTTP/1.1" 200 2226
desktop-lpv0ncp - - [24/Dec/2025:01:10:11 +1000] "POST /jaxer-callback HTTP/1.1" 200 1098
desktop-lpv0ncp - - [24/Dec/2025:01:10:14 +1000] "POST /aptana/apps_and_tools.html HTTP/1.1" 200 3278
desktop-lpv0ncp - - [24/Dec/2025:01:10:15 +1000] "POST /aptana/modal_window.html HTTP/1.1" 200 634
desktop-lpv0ncp - - [24/Dec/2025:01:10:15 +1000] "GET /aptana/samples/smtp-email/index.html HTTP/1.1" 200 6557
desktop-lpv0ncp - - [24/Dec/2025:01:10:15 +1000] "GET /aptana/samples/smtp-email/css/index.css HTTP/1.1" 200 421
::1 - - [24/Dec/2025:01:10:15 +1000] "GET /aptana/samples/smtp-email/images/user_comment.png HTTP/1.1" 200 868
::1 - - [24/Dec/2025:01:10:15 +1000] "GET /aptana/samples/smtp-email/images/information.png HTTP/1.1" 200 778
::1 - - [24/Dec/2025:01:10:15 +1000] "GET /aptana/samples/smtp-email/images/html.png HTTP/1.1" 200 578
desktop-lpv0ncp - - [24/Dec/2025:01:10:15 +1000] "GET /aptana/samples/smtp-email/css/commonStyles.css HTTP/1.1" 200 784
::1 - - [24/Dec/2025:01:10:15 +1000] "GET /aptana/samples/smtp-email/lib/wz_tooltip.js HTTP/1.1" 200 32232
desktop-lpv0ncp - - [24/Dec/2025:01:10:20 +1000] "POST /aptana/modal_window.html HTTP/1.1" 200 634
::1 - - [24/Dec/2025:01:10:20 +1000] "GET /aptana/samples/rss-sample/lib/ajaxslt-0.8.1/util.js HTTP/1.0" 200 12139
::1 - - [24/Dec/2025:01:10:20 +1000] "GET /aptana/samples/rss-sample/lib/ajaxslt-0.8.1/xmltoken.js HTTP/1.0" 200 7809
::1 - - [24/Dec/2025:01:10:20 +1000] "GET /aptana/samples/rss-sample/lib/ajaxslt-0.8.1/dom.js HTTP/1.0" 200 15265
::1 - - [24/Dec/2025:01:10:20 +1000] "GET /aptana/samples/rss-sample/lib/ajaxslt-0.8.1/xpath.js HTTP/1.0" 200 64581
::1 - - [24/Dec/2025:01:10:20 +1000] "GET /aptana/samples/rss-sample/lib/ajaxslt-0.8.1/xslt.js HTTP/1.0" 200 18440
desktop-lpv0ncp - - [24/Dec/2025:01:10:20 +1000] "GET /aptana/samples/rss-sample/index.html HTTP/1.1" 200 2886
desktop-lpv0ncp - - [24/Dec/2025:01:10:22 +1000] "GET /aptana/samples/rss-sample/css/index.css HTTP/1.1" 200 653
desktop-lpv0ncp - - [24/Dec/2025:01:10:22 +1000] "GET /aptana/samples/rss-sample/images/html.png HTTP/1.1" 200 578
::1 - - [24/Dec/2025:01:10:22 +1000] "GET /aptana/samples/rss-sample/images/information.png HTTP/1.1" 200 778
::1 - - [24/Dec/2025:01:10:22 +1000] "GET /aptana/samples/rss-sample/images/page_edit.png HTTP/1.1" 200 807
::1 - - [24/Dec/2025:01:10:22 +1000] "GET /aptana/samples/rss-sample/lib/wz_tooltip.js HTTP/1.1" 200 32232
desktop-lpv0ncp - - [24/Dec/2025:01:10:28 +1000] "POST /aptana/modal_window.html HTTP/1.1" 200 634
desktop-lpv0ncp - - [24/Dec/2025:01:10:28 +1000] "GET /aptana/samples/tasks/index.html HTTP/1.1" 200 6390
desktop-lpv0ncp - - [24/Dec/2025:01:10:28 +1000] "GET /aptana/samples/tasks/css/index.css HTTP/1.1" 200 449
::1 - - [24/Dec/2025:01:10:28 +1000] "GET /aptana/samples/tasks/images/information.png HTTP/1.1" 200 778
::1 - - [24/Dec/2025:01:10:28 +1000] "GET /aptana/samples/tasks/images/date_edit.png HTTP/1.1" 200 799
::1 - - [24/Dec/2025:01:10:28 +1000] "GET /aptana/samples/tasks/images/html.png HTTP/1.1" 200 578
::1 - - [24/Dec/2025:01:10:28 +1000] "GET /aptana/samples/tasks/lib/wz_tooltip.js HTTP/1.1" 200 33381
desktop-lpv0ncp - - [24/Dec/2025:01:10:33 +1000] "POST /aptana/modal_window.html HTTP/1.1" 200 634
desktop-lpv0ncp - - [24/Dec/2025:01:10:33 +1000] "GET /aptana/samples/wikilite/index.html HTTP/1.1" 200 5281
desktop-lpv0ncp - - [24/Dec/2025:01:10:33 +1000] "GET /aptana/samples/wikilite/css/index.css HTTP/1.1" 200 449
desktop-lpv0ncp - - [24/Dec/2025:01:10:33 +1000] "GET /aptana/samples/wikilite/images/information.png HTTP/1.1" 200 778
::1 - - [24/Dec/2025:01:10:33 +1000] "GET /aptana/samples/wikilite/images/page_edit.png HTTP/1.1" 200 807
::1 - - [24/Dec/2025:01:10:33 +1000] "GET /aptana/samples/wikilite/images/html.png HTTP/1.1" 200 578
::1 - - [24/Dec/2025:01:10:33 +1000] "GET /aptana/samples/wikilite/lib/wz_tooltip.js HTTP/1.1" 200 33381
desktop-lpv0ncp - - [24/Dec/2025:01:10:37 +1000] "POST /aptana/modal_window.html HTTP/1.1" 200 634
desktop-lpv0ncp - - [24/Dec/2025:01:10:37 +1000] "GET /aptana/samples/chat/index.html HTTP/1.1" 200 10995
desktop-lpv0ncp - - [24/Dec/2025:01:10:41 +1000] "POST /aptana/modal_window.html HTTP/1.1" 200 634
desktop-lpv0ncp - - [24/Dec/2025:01:10:41 +1000] "GET /aptana/samples/logging/index.html HTTP/1.1" 200 6627
desktop-lpv0ncp - - [24/Dec/2025:01:10:41 +1000] "GET /aptana/samples/logging/css/index.css HTTP/1.1" 200 715
::1 - - [24/Dec/2025:01:10:41 +1000] "GET /aptana/samples/logging/images/information.png HTTP/1.1" 200 778
::1 - - [24/Dec/2025:01:10:41 +1000] "GET /aptana/samples/logging/images/page_white_edit.png HTTP/1.1" 200 618
::1 - - [24/Dec/2025:01:10:41 +1000] "GET /aptana/samples/logging/images/html.png HTTP/1.1" 200 578
::1 - - [24/Dec/2025:01:10:41 +1000] "GET /aptana/samples/logging/lib/wz_tooltip.js HTTP/1.1" 200 33381
::1 - - [24/Dec/2025:01:10:41 +1000] "GET /aptana/samples/logging/lib/firebug/firebug.js HTTP/1.1" 200 18969
desktop-lpv0ncp - - [24/Dec/2025:01:10:41 +1000] "POST /jaxer-callback HTTP/1.1" 200 2
desktop-lpv0ncp - - [24/Dec/2025:01:10:41 +1000] "POST /jaxer-callback HTTP/1.1" 200 2
desktop-lpv0ncp - - [24/Dec/2025:01:10:42 +1000] "POST /jaxer-callback HTTP/1.1" 200 2
desktop-lpv0ncp - - [24/Dec/2025:01:10:42 +1000] "POST /jaxer-callback HTTP/1.1" 200 2
desktop-lpv0ncp - - [24/Dec/2025:01:10:42 +1000] "POST /jaxer-callback HTTP/1.1" 200 2
desktop-lpv0ncp - - [24/Dec/2025:01:10:42 +1000] "POST /jaxer-callback HTTP/1.1" 200 2
desktop-lpv0ncp - - [24/Dec/2025:01:10:42 +1000] "GET /aptana/samples/logging/lib/firebug/firebug.html HTTP/1.1" 200 651
desktop-lpv0ncp - - [24/Dec/2025:01:10:42 +1000] "GET /aptana/samples/logging/lib/firebug/firebug.css HTTP/1.1" 200 3480
desktop-lpv0ncp - - [24/Dec/2025:01:10:42 +1000] "GET /aptana/samples/logging/lib/firebug/infoIcon.png HTTP/1.1" 200 524
::1 - - [24/Dec/2025:01:10:42 +1000] "GET /aptana/samples/logging/lib/firebug/warningIcon.png HTTP/1.1" 200 516
::1 - - [24/Dec/2025:01:10:42 +1000] "GET /aptana/samples/logging/lib/firebug/errorIcon.png HTTP/1.1" 200 457
desktop-lpv0ncp - - [24/Dec/2025:01:10:55 +1000] "POST /aptana/modal_window.html HTTP/1.1" 200 634
desktop-lpv0ncp - - [24/Dec/2025:01:10:55 +1000] "GET /aptana/samples/csajax/index.html HTTP/1.1" 200 4023
::1 - - [24/Dec/2025:01:10:55 +1000] "GET /aptana/samples/csajax/images/information.png HTTP/1.1" 200 778
::1 - - [24/Dec/2025:01:10:55 +1000] "GET /aptana/samples/csajax/images/script_gear.png HTTP/1.1" 200 861
desktop-lpv0ncp - - [24/Dec/2025:01:10:55 +1000] "GET /aptana/samples/csajax/css/index.css HTTP/1.1" 200 584
desktop-lpv0ncp - - [24/Dec/2025:01:10:55 +1000] "GET /aptana/samples/csajax/images/html.png HTTP/1.1" 200 578
::1 - - [24/Dec/2025:01:10:55 +1000] "GET /aptana/samples/csajax/lib/wz_tooltip.js HTTP/1.1" 200 33381
desktop-lpv0ncp - - [24/Dec/2025:01:11:01 +1000] "GET /aptana/tools/shell/index.html HTTP/1.1" 200 2355
desktop-lpv0ncp - - [24/Dec/2025:01:11:01 +1000] "GET /aptana/tools/shell/css/index.css HTTP/1.1" 200 1257
desktop-lpv0ncp - - [24/Dec/2025:01:11:09 +1000] "POST /aptana/modal_window.html HTTP/1.1" 200 634
desktop-lpv0ncp - - [24/Dec/2025:01:11:09 +1000] "GET /aptana/tools/hexer/index.html HTTP/1.1" 200 3963
::1 - - [24/Dec/2025:01:11:10 +1000] "GET /aptana/tools/hexer/images/information.png HTTP/1.1" 200 778
::1 - - [24/Dec/2025:01:11:10 +1000] "GET /aptana/tools/hexer/images/html.png HTTP/1.1" 200 578
desktop-lpv0ncp - - [24/Dec/2025:01:11:10 +1000] "GET /aptana/tools/hexer/css/index.css HTTP/1.1" 200 879
::1 - - [24/Dec/2025:01:11:10 +1000] "GET /aptana/tools/hexer/images/hexdump.png HTTP/1.1" 200 493
::1 - - [24/Dec/2025:01:11:10 +1000] "GET /aptana/tools/hexer/lib/wz_tooltip.js HTTP/1.1" 200 33381
::1 - - [24/Dec/2025:01:12:53 +1000] "GET /aptana/lib/prototype.js HTTP/1.0" 200 126132
::1 - - [24/Dec/2025:01:12:53 +1000] "GET /aptana/lib/base_server.js HTTP/1.0" 200 1616
desktop-lpv0ncp - - [24/Dec/2025:01:12:53 +1000] "GET /aptana/ HTTP/1.1" 200 4660
desktop-lpv0ncp - - [24/Dec/2025:01:12:54 +1000] "POST /aptana/jaxer_about.html HTTP/1.1" 200 2226
desktop-lpv0ncp - - [24/Dec/2025:01:12:54 +1000] "POST /jaxer-callback HTTP/1.1" 200 1098
desktop-lpv0ncp - - [24/Dec/2025:01:12:58 +1000] "GET /aptana/doc/api/Jaxer.index-frame.html HTTP/1.1" 200 1481
desktop-lpv0ncp - - [24/Dec/2025:01:12:58 +1000] "GET /aptana/doc/api/Jaxer.index.html HTTP/1.1" 200 35464
::1 - - [24/Dec/2025:01:12:58 +1000] "GET /aptana/doc/api/aptana.gif HTTP/1.1" 200 1606
desktop-lpv0ncp - - [24/Dec/2025:01:12:58 +1000] "GET /aptana/doc/api/shared.css HTTP/1.1" 200 6630
::1 - - [24/Dec/2025:01:12:58 +1000] "GET /aptana/doc/api/api.js HTTP/1.1" 200 3438
desktop-lpv0ncp - - [24/Dec/2025:01:12:58 +1000] "GET /aptana/doc/api/Jaxer.index-toc.html HTTP/1.1" 200 273005
::1 - - [24/Dec/2025:01:12:58 +1000] "GET /aptana/doc/api/jquery.js HTTP/1.1" 200 83086
desktop-lpv0ncp - - [24/Dec/2025:01:12:58 +1000] "GET /aptana/doc/api/tree.css HTTP/1.1" 200 2928
::1 - - [24/Dec/2025:01:12:58 +1000] "GET /aptana/doc/api/jquery.cookie.js HTTP/1.1" 200 3937
::1 - - [24/Dec/2025:01:12:58 +1000] "GET /aptana/doc/api/doc_background.gif HTTP/1.1" 200 616
desktop-lpv0ncp - - [24/Dec/2025:01:12:58 +1000] "GET /aptana/doc/api/jquery.treeview.js HTTP/1.1" 200 6783
desktop-lpv0ncp - - [24/Dec/2025:01:12:58 +1000] "GET /aptana/doc/api/toc_background.gif HTTP/1.1" 200 345
desktop-lpv0ncp - - [24/Dec/2025:01:12:59 +1000] "GET /aptana/doc/api/button_off.gif HTTP/1.1" 200 908
desktop-lpv0ncp - - [24/Dec/2025:01:12:59 +1000] "GET /aptana/doc/api/tv-item.gif HTTP/1.1" 200 784
::1 - - [24/Dec/2025:01:12:59 +1000] "GET /aptana/doc/api/tv-item-last.gif HTTP/1.1" 200 70
::1 - - [24/Dec/2025:01:12:59 +1000] "GET /aptana/doc/api/boolean.png HTTP/1.1" 200 2897
::1 - - [24/Dec/2025:01:12:59 +1000] "GET /aptana/doc/api/js_function-static.gif HTTP/1.1" 200 588
desktop-lpv0ncp - - [24/Dec/2025:01:12:59 +1000] "GET /aptana/doc/api/string.png HTTP/1.1" 200 2897
::1 - - [24/Dec/2025:01:12:59 +1000] "GET /aptana/doc/api/string-static.png HTTP/1.1" 200 2946
::1 - - [24/Dec/2025:01:12:59 +1000] "GET /aptana/doc/api/boolean-static.png HTTP/1.1" 404 236
desktop-lpv0ncp - - [24/Dec/2025:01:12:59 +1000] "GET /aptana/doc/api/js_property.gif HTTP/1.1" 200 124
::1 - - [24/Dec/2025:01:12:59 +1000] "GET /aptana/doc/api/js_function.gif HTTP/1.1" 200 590
::1 - - [24/Dec/2025:01:12:59 +1000] "GET /aptana/doc/api/class.gif HTTP/1.1" 200 586
::1 - - [24/Dec/2025:01:12:59 +1000] "GET /aptana/doc/api/number-static.png HTTP/1.1" 200 2916
desktop-lpv0ncp - - [24/Dec/2025:01:12:59 +1000] "GET /aptana/doc/api/array-literal.png HTTP/1.1" 200 2841
::1 - - [24/Dec/2025:01:12:59 +1000] "GET /aptana/doc/api/number.png HTTP/1.1" 200 2861
::1 - - [24/Dec/2025:01:12:59 +1000] "GET /aptana/doc/api/tv-expandable.gif HTTP/1.1" 200 808
desktop-lpv0ncp - - [24/Dec/2025:01:12:59 +1000] "GET /aptana/doc/api/tv-expandable-last.gif HTTP/1.1" 200 90
desktop-lpv0ncp - - [24/Dec/2025:01:13:03 +1000] "GET /aptana/diagnostics/index.html HTTP/1.1" 200 8278
desktop-lpv0ncp - - [24/Dec/2025:01:13:03 +1000] "GET /aptana/diagnostics/jaxer-include/setup.js HTTP/1.1" 403 239
desktop-lpv0ncp - - [24/Dec/2025:01:13:09 +1000] "POST /aptana/apps_and_tools.html HTTP/1.1" 200 3278
desktop-lpv0ncp - - [24/Dec/2025:01:13:12 +1000] "GET /aptana/diagnostics/index.html HTTP/1.1" 200 8278
desktop-lpv0ncp - - [24/Dec/2025:01:13:12 +1000] "GET /aptana/diagnostics/jaxer-include/setup.js HTTP/1.1" 403 239
desktop-lpv0ncp - - [24/Dec/2025:01:13:15 +1000] "GET /aptana/diagnostics/testRunner.html HTTP/1.1" 200 23223
::1 - - [24/Dec/2025:01:13:21 +1000] "GET /aptana/diagnostics/unit_tests_library/jQueryTestSuite/jquery-1.2.1.js HTTP/1.0" 200 80544
::1 - - [24/Dec/2025:01:13:21 +1000] "GET /aptana/diagnostics/unit_tests_library/jQueryTestSuite/testrunner.js HTTP/1.0" 200 8196
::1 - - [24/Dec/2025:01:13:21 +1000] "GET /aptana/diagnostics/unit_tests_library/jQueryTestSuite/core.js HTTP/1.0" 200 48016
::1 - - [24/Dec/2025:01:13:21 +1000] "GET /aptana/diagnostics/unit_tests_library/jQueryTestSuite/selector.js HTTP/1.0" 200 11813
::1 - - [24/Dec/2025:01:13:22 +1000] "GET /aptana/diagnostics/unit_tests_library/jQueryTestSuite/event.js HTTP/1.0" 200 6109
desktop-lpv0ncp - - [24/Dec/2025:01:13:21 +1000] "GET /aptana/diagnostics/unit_tests_library/jQueryTestSuite/index.html HTTP/1.1" 200 55699
::1 - - [24/Dec/2025:01:13:25 +1000] "GET /aptana/diagnostics/unit_tests_library/jQueryTestSuite/jquery-1.2.1.js HTTP/1.1" 200 80544
::1 - - [24/Dec/2025:01:13:25 +1000] "GET /aptana/diagnostics/unit_tests_library/jQueryTestSuite/testrunner.js HTTP/1.1" 200 8196
::1 - - [24/Dec/2025:01:13:25 +1000] "GET /aptana/diagnostics/unit_tests_library/jQueryTestSuite/selector.js HTTP/1.1" 200 11813
::1 - - [24/Dec/2025:01:13:25 +1000] "GET /aptana/diagnostics/unit_tests_library/jQueryTestSuite/core.js HTTP/1.1" 200 48016
::1 - - [24/Dec/2025:01:13:25 +1000] "GET /aptana/diagnostics/unit_tests_library/jQueryTestSuite/event.js HTTP/1.1" 200 6109
desktop-lpv0ncp - - [24/Dec/2025:01:13:25 +1000] "GET /aptana/diagnostics/unit_tests_library/jQueryTestSuite/testsuite.css HTTP/1.1" 200 2023
::1 - - [24/Dec/2025:01:13:25 +1000] "GET /aptana/diagnostics/unit_tests_library/jQueryTestSuite/submit.gif HTTP/1.1" 200 2954
::1 - - [24/Dec/2025:01:13:25 +1000] "GET /aptana/diagnostics/unit_tests_library/jQueryTestSuite/jquery-stable.js HTTP/1.1" 200 80469
